{
  "tiles": {
    "-function.withweired---_-characters": {
      "content_type": "application/x-protobuf",
      "description": "a function source with special characters"
    },
    ".-Points-----------quote": {
      "content_type": "application/x-protobuf",
      "description": "Escaping test table"
    },
    "MixPoints": {
      "content_type": "application/x-protobuf",
      "description": "a description from comment on table"
    },
    "auto_table": {
      "content_type": "application/x-protobuf",
      "description": "autodetect.auto_table.geom"
    },
    "bigint_table": {
      "content_type": "application/x-protobuf",
      "description": "autodetect.bigint_table.geom"
    },
    "function_Mixed_Name": {
      "content_type": "application/x-protobuf",
      "description": "a function source with MixedCase name"
    },
    "function_null": {
      "content_type": "application/x-protobuf",
      "description": "public.function_null"
    },
    "function_null_row": {
      "content_type": "application/x-protobuf",
      "description": "public.function_null_row"
    },
    "function_null_row2": {
      "content_type": "application/x-protobuf",
      "description": "public.function_null_row2"
    },
    "function_zoom_xy": {
      "content_type": "application/x-protobuf",
      "description": "public.function_zoom_xy"
    },
    "function_zxy": {
      "content_type": "application/x-protobuf",
      "description": "public.function_zxy"
    },
    "function_zxy2": {
      "content_type": "application/x-protobuf",
      "description": "public.function_zxy2"
    },
    "function_zxy_query": {
      "content_type": "application/x-protobuf"
    },
    "function_zxy_query_jsonb": {
      "content_type": "application/x-protobuf",
      "description": "public.function_zxy_query_jsonb"
    },
    "function_zxy_query_test": {
      "content_type": "application/x-protobuf",
      "description": "public.function_zxy_query_test"
    },
    "function_zxy_row": {
      "content_type": "application/x-protobuf",
      "description": "public.function_zxy_row"
    },
    "function_zxy_row_key": {
      "content_type": "application/x-protobuf",
      "description": "public.function_zxy_row_key"
    },
    "mbt1": {
      "content_type": "application/x-protobuf",
      "content_encoding": "gzip",
      "name": "Major cities from Natural Earth data",
      "description": "Major cities from Natural Earth data"
    },
    "mbt2": {
      "content_type": "application/json",
      "name": "Dummy json data"
    },
    "pmt": {
      "content_type": "image/png"
    },
    "pmt2": {
      "content_type": "image/webp",
      "name": "ne2sr"
    },
    "pmt3": {
      "content_type": "image/webp",
      "name": "ne2sr"
    },
    "points1": {
      "content_type": "application/x-protobuf",
      "description": "public.points1.geom"
    },
    "points1_vw": {
      "content_type": "application/x-protobuf",
      "description": "public.points1_vw.geom"
    },
    "points2": {
      "content_type": "application/x-protobuf",
      "description": "public.points2.geom"
    },
    "points3857": {
      "content_type": "application/x-protobuf",
      "description": "public.points3857.geom"
    },
    "table_source": {
      "content_type": "application/x-protobuf"
    },
    "table_source_multiple_geom": {
      "content_type": "application/x-protobuf",
      "description": "public.table_source_multiple_geom.geom1"
    },
    "table_source_multiple_geom.1": {
      "content_type": "application/x-protobuf",
      "description": "public.table_source_multiple_geom.geom2"
    },
    "webp": {
      "content_type": "image/webp",
      "name": "ne2sr"
    },
    "webp2": {
      "content_type": "image/webp",
      "name": "ne2sr"
    }
  },
  "sprites": {
    "mysrc": {
      "images": [
        "bicycle"
      ]
    },
    "src1": {
      "images": [
        "another_bicycle",
        "bear",
        "sub/circle"
      ]
    }
  },
  "fonts": {
    "Overpass Mono Regular": {
      "family": "Overpass Mono",
      "style": "Regular",
      "glyphs": 931,
      "start": 0,
      "end": 64258
    }
  }
}
