[INFO ] Comparing ./tests/fixtures/mbtiles/world_cities_modified.mbtiles (flat) and tests/mbtiles_temp_files/world_cities_modified2.mbtiles (flat) into a new file tests/mbtiles_temp_files/world_cities_bindiff_modified.mbtiles (flat)
[INFO ] Adding a new metadata value agg_tiles_hash = 19BC7A59D9393AFB5DADBC4B7B0B52AC in tests/mbtiles_temp_files/world_cities_bindiff_modified.mbtiles
