 INFO mbtiles::validation: Quick integrity check passed for ./tests/fixtures/mbtiles/zoomed_world_cities.mbtiles
 INFO mbtiles::validation: All values in the `tiles` table/view are valid for ./tests/fixtures/mbtiles/zoomed_world_cities.mbtiles
 INFO mbtiles::validation: All tile hashes are valid for ./tests/fixtures/mbtiles/zoomed_world_cities.mbtiles
 INFO mbtiles::validation: The agg_tiles_hashes=D4E1030D57751A0B45A28A71267E46B8 has been verified for ./tests/fixtures/mbtiles/zoomed_world_cities.mbtiles
