---
source: martin-mbtiles/tests/mbtiles.rs
expression: result
---
[[]]
type = 'table'
tbl_name = 'images'
sql = '''
CREATE TABLE images (
             tile_id text NOT NULL PRIMARY KEY,
             tile_data blob)'''
values = [
    '(  "", NULL  )',
    '(  "22AF645D1859CB5CA6DA0C484F1F37EA", blob(new)  )',
    '(  "FF76830FF90D79BB335884F256031731", blob(edit-v2)  )',
]

[[]]
type = 'table'
tbl_name = 'map'
sql = '''
CREATE TABLE map (
             zoom_level integer NOT NULL,
             tile_column integer NOT NULL,
             tile_row integer NOT NULL,
             tile_id text,
             PRIMARY KEY(zoom_level, tile_column, tile_row))'''
values = [
    '(  1, 0, 1, "FF76830FF90D79BB335884F256031731"  )',
    '(  1, 1, 0, "22AF645D1859CB5CA6DA0C484F1F37EA"  )',
    '(  1, 1, 1, ""  )',
]

[[]]
type = 'table'
tbl_name = 'metadata'
sql = '''
CREATE TABLE metadata (
             name text NOT NULL PRIMARY KEY,
             value text)'''
values = [
    '(  "agg_tiles_hash", "B69186152AEB4709BB5E51F26122506D"  )',
    '(  "agg_tiles_hash_after_apply", "4CB1879C4A84910F25B9272B6E5B6E7C"  )',
    '(  "md-edit", "value - v2"  )',
    '(  "md-new", "value - new"  )',
    '(  "md-remove", NULL  )',
]

[[]]
type = 'index'
tbl_name = 'images'

[[]]
type = 'index'
tbl_name = 'map'

[[]]
type = 'index'
tbl_name = 'metadata'

[[]]
type = 'view'
tbl_name = 'tiles'
sql = '''
CREATE VIEW tiles AS
             SELECT map.zoom_level AS zoom_level,
                    map.tile_column AS tile_column,
                    map.tile_row AS tile_row,
                    images.tile_data AS tile_data
             FROM map
             JOIN images ON images.tile_id = map.tile_id'''

[[]]
type = 'view'
tbl_name = 'tiles_with_hash'
sql = '''
CREATE VIEW tiles_with_hash AS
             SELECT
                 map.zoom_level AS zoom_level,
                 map.tile_column AS tile_column,
                 map.tile_row AS tile_row,
                 images.tile_data AS tile_data,
                 images.tile_id AS tile_hash
             FROM map
             JOIN images ON images.tile_id = map.tile_id'''
