---
source: martin-mbtiles/tests/mbtiles.rs
expression: result
---
[[]]
type = 'table'
tbl_name = 'metadata'
sql = '''
CREATE TABLE metadata (
             name text NOT NULL PRIMARY KEY,
             value text)'''
values = [
    '(  "agg_tiles_hash", "810E134831F46B3A60D425EF11B5FBE9"  )',
    '(  "edit", "value - v1"  )',
    '(  "remove", "value - remove"  )',
    '(  "same", "value - same"  )',
]

[[]]
type = 'table'
tbl_name = 'tiles_with_hash'
sql = '''
CREATE TABLE tiles_with_hash (
             zoom_level integer NOT NULL,
             tile_column integer NOT NULL,
             tile_row integer NOT NULL,
             tile_data blob,
             tile_hash text,
             PRIMARY KEY(zoom_level, tile_column, tile_row))'''
values = [
    '(  1, 0, 0, "same", "51037A4A37730F52C8732586D3AAA316"  )',
    '(  1, 0, 1, "edit-v1", "EFE0AE5FD114DE99855BC2838BE97E1D"  )',
    '(  1, 1, 1, "remove", "0F6969D7052DA9261E31DDB6E88C136E"  )',
]

[[]]
type = 'index'
tbl_name = 'metadata'

[[]]
type = 'index'
tbl_name = 'tiles_with_hash'

[[]]
type = 'view'
tbl_name = 'tiles'
sql = '''
CREATE VIEW tiles AS
             SELECT zoom_level, tile_column, tile_row, tile_data FROM tiles_with_hash'''
