{
  "public.points1": {
    "bounds": [
      -179.95984819949936,
      -89.93797028471133,
      179.98255673745527,
      89.95526710702
    ],
    "buffer": 64,
    "clip_geom": true,
    "extent": 4096,
    "geometry_column": "geom",
    "geometry_type": "POINT",
    "id": "public.points1",
    "properties": {
      "gid": "int4"
    },
    "schema": "public",
    "srid": 4326,
    "table": "points1"
  },
  "public.points1.geom": {
    "bounds": [
      -179.95984819949936,
      -89.93797028471133,
      179.98255673745527,
      89.95526710702
    ],
    "buffer": 64,
    "clip_geom": true,
    "extent": 4096,
    "geometry_column": "geom",
    "geometry_type": "POINT",
    "id": "public.points1.geom",
    "properties": {
      "gid": "int4"
    },
    "schema": "public",
    "srid": 4326,
    "table": "points1"
  },
  "public.points2": {
    "bounds": [
      -179.97299997774186,
      -89.99221344466234,
      179.95459601159243,
      89.98636375276415
    ],
    "buffer": 64,
    "clip_geom": true,
    "extent": 4096,
    "geometry_column": "geom",
    "geometry_type": "POINT",
    "id": "public.points2",
    "properties": {
      "gid": "int4"
    },
    "schema": "public",
    "srid": 4326,
    "table": "points2"
  },
  "public.points2.geom": {
    "bounds": [
      -179.97299997774186,
      -89.99221344466234,
      179.95459601159243,
      89.98636375276415
    ],
    "buffer": 64,
    "clip_geom": true,
    "extent": 4096,
    "geometry_column": "geom",
    "geometry_type": "POINT",
    "id": "public.points2.geom",
    "properties": {
      "gid": "int4"
    },
    "schema": "public",
    "srid": 4326,
    "table": "points2"
  },
  "public.points3857": {
    "bounds": [
      -178.9204103383621,
      -88.99857992498683,
      178.99652071453994,
      88.99967368414997
    ],
    "buffer": 64,
    "clip_geom": true,
    "extent": 4096,
    "geometry_column": "geom",
    "geometry_type": "POINT",
    "id": "public.points3857",
    "properties": {
      "gid": "int4"
    },
    "schema": "public",
    "srid": 3857,
    "table": "points3857"
  },
  "public.points3857.geom": {
    "bounds": [
      -178.9204103383621,
      -88.99857992498683,
      178.99652071453994,
      88.99967368414997
    ],
    "buffer": 64,
    "clip_geom": true,
    "extent": 4096,
    "geometry_column": "geom",
    "geometry_type": "POINT",
    "id": "public.points3857.geom",
    "properties": {
      "gid": "int4"
    },
    "schema": "public",
    "srid": 3857,
    "table": "points3857"
  },
  "public.points_empty_srid": {
    "bounds": [
      -178.99945187330573,
      -88.99887386222088,
      178.95310732442758,
      88.99972702753468
    ],
    "buffer": 64,
    "clip_geom": true,
    "extent": 4096,
    "geometry_column": "geom",
    "geometry_type": "GEOMETRY",
    "id": "public.points_empty_srid",
    "properties": {
      "gid": "int4"
    },
    "schema": "public",
    "srid": 900913,
    "table": "points_empty_srid"
  },
  "public.points_empty_srid.geom": {
    "bounds": [
      -178.99945187330573,
      -88.99887386222088,
      178.95310732442758,
      88.99972702753468
    ],
    "buffer": 64,
    "clip_geom": true,
    "extent": 4096,
    "geometry_column": "geom",
    "geometry_type": "GEOMETRY",
    "id": "public.points_empty_srid.geom",
    "properties": {
      "gid": "int4"
    },
    "schema": "public",
    "srid": 900913,
    "table": "points_empty_srid"
  },
  "public.table_source": {
    "bounds": [
      -2,
      -1,
      45,
      55.764475
    ],
    "buffer": 64,
    "clip_geom": true,
    "extent": 4096,
    "geometry_column": "geom",
    "geometry_type": "GEOMETRY",
    "id": "public.table_source",
    "properties": {
      "gid": "int4"
    },
    "schema": "public",
    "srid": 4326,
    "table": "table_source"
  },
  "public.table_source.geom": {
    "bounds": [
      -2,
      -1,
      45,
      55.764475
    ],
    "buffer": 64,
    "clip_geom": true,
    "extent": 4096,
    "geometry_column": "geom",
    "geometry_type": "GEOMETRY",
    "id": "public.table_source.geom",
    "properties": {
      "gid": "int4"
    },
    "schema": "public",
    "srid": 4326,
    "table": "table_source"
  },
  "public.table_source_multiple_geom": {
    "bounds": [
      -179.96034836947433,
      -89.98424833969264,
      179.95564107905588,
      89.97694119738415
    ],
    "buffer": 64,
    "clip_geom": true,
    "extent": 4096,
    "geometry_column": "geom1",
    "geometry_type": "POINT",
    "id": "public.table_source_multiple_geom",
    "properties": {
      "geom2": "geometry",
      "gid": "int4"
    },
    "schema": "public",
    "srid": 4326,
    "table": "table_source_multiple_geom"
  },
  "public.table_source_multiple_geom.geom1": {
    "bounds": [
      -179.96034836947433,
      -89.98424833969264,
      179.95564107905588,
      89.97694119738415
    ],
    "buffer": 64,
    "clip_geom": true,
    "extent": 4096,
    "geometry_column": "geom1",
    "geometry_type": "POINT",
    "id": "public.table_source_multiple_geom.geom1",
    "properties": {
      "geom2": "geometry",
      "gid": "int4"
    },
    "schema": "public",
    "srid": 4326,
    "table": "table_source_multiple_geom"
  },
  "public.table_source_multiple_geom.geom2": {
    "bounds": [
      -179.96034836947433,
      -89.98424833969264,
      179.95564107905588,
      89.97694119738415
    ],
    "buffer": 64,
    "clip_geom": true,
    "extent": 4096,
    "geometry_column": "geom2",
    "geometry_type": "POINT",
    "id": "public.table_source_multiple_geom.geom2",
    "properties": {
      "geom1": "geometry",
      "gid": "int4"
    },
    "schema": "public",
    "srid": 4326,
    "table": "table_source_multiple_geom"
  },
  "tiger.addrfeat": {
    "buffer": 64,
    "clip_geom": true,
    "extent": 4096,
    "geometry_column": "the_geom",
    "geometry_type": "LINESTRING",
    "id": "tiger.addrfeat",
    "properties": {
      "aridl": "varchar",
      "aridr": "varchar",
      "edge_mtfcc": "varchar",
      "fullname": "varchar",
      "gid": "int4",
      "lfromhn": "varchar",
      "lfromtyp": "varchar",
      "linearid": "varchar",
      "ltohn": "varchar",
      "ltotyp": "varchar",
      "offsetl": "varchar",
      "offsetr": "varchar",
      "parityl": "varchar",
      "parityr": "varchar",
      "plus4l": "varchar",
      "plus4r": "varchar",
      "rfromhn": "varchar",
      "rfromtyp": "varchar",
      "rtohn": "varchar",
      "rtotyp": "varchar",
      "statefp": "varchar",
      "tlid": "int8",
      "zipl": "varchar",
      "zipr": "varchar"
    },
    "schema": "tiger",
    "srid": 4269,
    "table": "addrfeat"
  },
  "tiger.addrfeat.the_geom": {
    "buffer": 64,
    "clip_geom": true,
    "extent": 4096,
    "geometry_column": "the_geom",
    "geometry_type": "LINESTRING",
    "id": "tiger.addrfeat.the_geom",
    "properties": {
      "aridl": "varchar",
      "aridr": "varchar",
      "edge_mtfcc": "varchar",
      "fullname": "varchar",
      "gid": "int4",
      "lfromhn": "varchar",
      "lfromtyp": "varchar",
      "linearid": "varchar",
      "ltohn": "varchar",
      "ltotyp": "varchar",
      "offsetl": "varchar",
      "offsetr": "varchar",
      "parityl": "varchar",
      "parityr": "varchar",
      "plus4l": "varchar",
      "plus4r": "varchar",
      "rfromhn": "varchar",
      "rfromtyp": "varchar",
      "rtohn": "varchar",
      "rtotyp": "varchar",
      "statefp": "varchar",
      "tlid": "int8",
      "zipl": "varchar",
      "zipr": "varchar"
    },
    "schema": "tiger",
    "srid": 4269,
    "table": "addrfeat"
  },
  "tiger.bg": {
    "buffer": 64,
    "clip_geom": true,
    "extent": 4096,
    "geometry_column": "the_geom",
    "geometry_type": "MULTIPOLYGON",
    "id": "tiger.bg",
    "properties": {
      "aland": "float8",
      "awater": "float8",
      "bg_id": "varchar",
      "blkgrpce": "varchar",
      "countyfp": "varchar",
      "funcstat": "varchar",
      "gid": "int4",
      "intptlat": "varchar",
      "intptlon": "varchar",
      "mtfcc": "varchar",
      "namelsad": "varchar",
      "statefp": "varchar",
      "tractce": "varchar"
    },
    "schema": "tiger",
    "srid": 4269,
    "table": "bg"
  },
  "tiger.bg.the_geom": {
    "buffer": 64,
    "clip_geom": true,
    "extent": 4096,
    "geometry_column": "the_geom",
    "geometry_type": "MULTIPOLYGON",
    "id": "tiger.bg.the_geom",
    "properties": {
      "aland": "float8",
      "awater": "float8",
      "bg_id": "varchar",
      "blkgrpce": "varchar",
      "countyfp": "varchar",
      "funcstat": "varchar",
      "gid": "int4",
      "intptlat": "varchar",
      "intptlon": "varchar",
      "mtfcc": "varchar",
      "namelsad": "varchar",
      "statefp": "varchar",
      "tractce": "varchar"
    },
    "schema": "tiger",
    "srid": 4269,
    "table": "bg"
  },
  "tiger.county": {
    "buffer": 64,
    "clip_geom": true,
    "extent": 4096,
    "geometry_column": "the_geom",
    "geometry_type": "MULTIPOLYGON",
    "id": "tiger.county",
    "properties": {
      "aland": "int8",
      "awater": "float8",
      "cbsafp": "varchar",
      "classfp": "varchar",
      "cntyidfp": "varchar",
      "countyfp": "varchar",
      "countyns": "varchar",
      "csafp": "varchar",
      "funcstat": "varchar",
      "gid": "int4",
      "intptlat": "varchar",
      "intptlon": "varchar",
      "lsad": "varchar",
      "metdivfp": "varchar",
      "mtfcc": "varchar",
      "name": "varchar",
      "namelsad": "varchar",
      "statefp": "varchar"
    },
    "schema": "tiger",
    "srid": 4269,
    "table": "county"
  },
  "tiger.county.the_geom": {
    "buffer": 64,
    "clip_geom": true,
    "extent": 4096,
    "geometry_column": "the_geom",
    "geometry_type": "MULTIPOLYGON",
    "id": "tiger.county.the_geom",
    "properties": {
      "aland": "int8",
      "awater": "float8",
      "cbsafp": "varchar",
      "classfp": "varchar",
      "cntyidfp": "varchar",
      "countyfp": "varchar",
      "countyns": "varchar",
      "csafp": "varchar",
      "funcstat": "varchar",
      "gid": "int4",
      "intptlat": "varchar",
      "intptlon": "varchar",
      "lsad": "varchar",
      "metdivfp": "varchar",
      "mtfcc": "varchar",
      "name": "varchar",
      "namelsad": "varchar",
      "statefp": "varchar"
    },
    "schema": "tiger",
    "srid": 4269,
    "table": "county"
  },
  "tiger.cousub": {
    "buffer": 64,
    "clip_geom": true,
    "extent": 4096,
    "geometry_column": "the_geom",
    "geometry_type": "MULTIPOLYGON",
    "id": "tiger.cousub",
    "properties": {
      "aland": "numeric",
      "awater": "numeric",
      "classfp": "varchar",
      "cnectafp": "varchar",
      "cosbidfp": "varchar",
      "countyfp": "varchar",
      "cousubfp": "varchar",
      "cousubns": "varchar",
      "funcstat": "varchar",
      "gid": "int4",
      "intptlat": "varchar",
      "intptlon": "varchar",
      "lsad": "varchar",
      "mtfcc": "varchar",
      "name": "varchar",
      "namelsad": "varchar",
      "nctadvfp": "varchar",
      "nectafp": "varchar",
      "statefp": "varchar"
    },
    "schema": "tiger",
    "srid": 4269,
    "table": "cousub"
  },
  "tiger.cousub.the_geom": {
    "buffer": 64,
    "clip_geom": true,
    "extent": 4096,
    "geometry_column": "the_geom",
    "geometry_type": "MULTIPOLYGON",
    "id": "tiger.cousub.the_geom",
    "properties": {
      "aland": "numeric",
      "awater": "numeric",
      "classfp": "varchar",
      "cnectafp": "varchar",
      "cosbidfp": "varchar",
      "countyfp": "varchar",
      "cousubfp": "varchar",
      "cousubns": "varchar",
      "funcstat": "varchar",
      "gid": "int4",
      "intptlat": "varchar",
      "intptlon": "varchar",
      "lsad": "varchar",
      "mtfcc": "varchar",
      "name": "varchar",
      "namelsad": "varchar",
      "nctadvfp": "varchar",
      "nectafp": "varchar",
      "statefp": "varchar"
    },
    "schema": "tiger",
    "srid": 4269,
    "table": "cousub"
  },
  "tiger.edges": {
    "buffer": 64,
    "clip_geom": true,
    "extent": 4096,
    "geometry_column": "the_geom",
    "geometry_type": "MULTILINESTRING",
    "id": "tiger.edges",
    "properties": {
      "artpath": "varchar",
      "countyfp": "varchar",
      "deckedroad": "varchar",
      "divroad": "varchar",
      "exttyp": "varchar",
      "featcat": "varchar",
      "fullname": "varchar",
      "gcseflg": "varchar",
      "gid": "int4",
      "hydroflg": "varchar",
      "lfromadd": "varchar",
      "ltoadd": "varchar",
      "mtfcc": "varchar",
      "offsetl": "varchar",
      "offsetr": "varchar",
      "olfflg": "varchar",
      "passflg": "varchar",
      "persist": "varchar",
      "railflg": "varchar",
      "rfromadd": "varchar",
      "roadflg": "varchar",
      "rtoadd": "varchar",
      "smid": "varchar",
      "statefp": "varchar",
      "tfidl": "numeric",
      "tfidr": "numeric",
      "tlid": "int8",
      "tnidf": "numeric",
      "tnidt": "numeric",
      "ttyp": "varchar",
      "zipl": "varchar",
      "zipr": "varchar"
    },
    "schema": "tiger",
    "srid": 4269,
    "table": "edges"
  },
  "tiger.edges.the_geom": {
    "buffer": 64,
    "clip_geom": true,
    "extent": 4096,
    "geometry_column": "the_geom",
    "geometry_type": "MULTILINESTRING",
    "id": "tiger.edges.the_geom",
    "properties": {
      "artpath": "varchar",
      "countyfp": "varchar",
      "deckedroad": "varchar",
      "divroad": "varchar",
      "exttyp": "varchar",
      "featcat": "varchar",
      "fullname": "varchar",
      "gcseflg": "varchar",
      "gid": "int4",
      "hydroflg": "varchar",
      "lfromadd": "varchar",
      "ltoadd": "varchar",
      "mtfcc": "varchar",
      "offsetl": "varchar",
      "offsetr": "varchar",
      "olfflg": "varchar",
      "passflg": "varchar",
      "persist": "varchar",
      "railflg": "varchar",
      "rfromadd": "varchar",
      "roadflg": "varchar",
      "rtoadd": "varchar",
      "smid": "varchar",
      "statefp": "varchar",
      "tfidl": "numeric",
      "tfidr": "numeric",
      "tlid": "int8",
      "tnidf": "numeric",
      "tnidt": "numeric",
      "ttyp": "varchar",
      "zipl": "varchar",
      "zipr": "varchar"
    },
    "schema": "tiger",
    "srid": 4269,
    "table": "edges"
  },
  "tiger.faces": {
    "buffer": 64,
    "clip_geom": true,
    "extent": 4096,
    "geometry_column": "the_geom",
    "geometry_type": "MULTIPOLYGON",
    "id": "tiger.faces",
    "properties": {
      "aiannhce": "varchar",
      "aiannhce00": "varchar",
      "aiannhfp": "varchar",
      "aiannhfp00": "varchar",
      "anrcfp": "varchar",
      "anrcfp00": "varchar",
      "atotal": "float8",
      "blkgrpce": "varchar",
      "blkgrpce00": "varchar",
      "blkgrpce20": "varchar",
      "blockce": "varchar",
      "blockce00": "varchar",
      "blockce20": "varchar",
      "cbsafp": "varchar",
      "cd108fp": "varchar",
      "cd111fp": "varchar",
      "cnectafp": "varchar",
      "comptyp": "varchar",
      "comptyp00": "varchar",
      "conctyfp": "varchar",
      "conctyfp00": "varchar",
      "countyfp": "varchar",
      "countyfp00": "varchar",
      "countyfp20": "varchar",
      "cousubfp": "varchar",
      "cousubfp00": "varchar",
      "csafp": "varchar",
      "elsdlea": "varchar",
      "elsdlea00": "varchar",
      "gid": "int4",
      "intptlat": "varchar",
      "intptlon": "varchar",
      "lwflag": "varchar",
      "metdivfp": "varchar",
      "nctadvfp": "varchar",
      "nectafp": "varchar",
      "offset": "varchar",
      "placefp": "varchar",
      "placefp00": "varchar",
      "puma5ce": "varchar",
      "puma5ce00": "varchar",
      "scsdlea": "varchar",
      "scsdlea00": "varchar",
      "sldlst": "varchar",
      "sldlst00": "varchar",
      "sldust": "varchar",
      "sldust00": "varchar",
      "statefp": "varchar",
      "statefp00": "varchar",
      "statefp20": "varchar",
      "submcdfp": "varchar",
      "submcdfp00": "varchar",
      "tazce": "varchar",
      "tazce00": "varchar",
      "tblkgpce": "varchar",
      "tfid": "numeric",
      "tractce": "varchar",
      "tractce00": "varchar",
      "tractce20": "varchar",
      "trsubce": "varchar",
      "trsubce00": "varchar",
      "trsubfp": "varchar",
      "trsubfp00": "varchar",
      "ttractce": "varchar",
      "uace": "varchar",
      "uace00": "varchar",
      "ugace": "varchar",
      "ugace00": "varchar",
      "unsdlea": "varchar",
      "unsdlea00": "varchar",
      "vtdst": "varchar",
      "vtdst00": "varchar",
      "zcta5ce": "varchar",
      "zcta5ce00": "varchar"
    },
    "schema": "tiger",
    "srid": 4269,
    "table": "faces"
  },
  "tiger.faces.the_geom": {
    "buffer": 64,
    "clip_geom": true,
    "extent": 4096,
    "geometry_column": "the_geom",
    "geometry_type": "MULTIPOLYGON",
    "id": "tiger.faces.the_geom",
    "properties": {
      "aiannhce": "varchar",
      "aiannhce00": "varchar",
      "aiannhfp": "varchar",
      "aiannhfp00": "varchar",
      "anrcfp": "varchar",
      "anrcfp00": "varchar",
      "atotal": "float8",
      "blkgrpce": "varchar",
      "blkgrpce00": "varchar",
      "blkgrpce20": "varchar",
      "blockce": "varchar",
      "blockce00": "varchar",
      "blockce20": "varchar",
      "cbsafp": "varchar",
      "cd108fp": "varchar",
      "cd111fp": "varchar",
      "cnectafp": "varchar",
      "comptyp": "varchar",
      "comptyp00": "varchar",
      "conctyfp": "varchar",
      "conctyfp00": "varchar",
      "countyfp": "varchar",
      "countyfp00": "varchar",
      "countyfp20": "varchar",
      "cousubfp": "varchar",
      "cousubfp00": "varchar",
      "csafp": "varchar",
      "elsdlea": "varchar",
      "elsdlea00": "varchar",
      "gid": "int4",
      "intptlat": "varchar",
      "intptlon": "varchar",
      "lwflag": "varchar",
      "metdivfp": "varchar",
      "nctadvfp": "varchar",
      "nectafp": "varchar",
      "offset": "varchar",
      "placefp": "varchar",
      "placefp00": "varchar",
      "puma5ce": "varchar",
      "puma5ce00": "varchar",
      "scsdlea": "varchar",
      "scsdlea00": "varchar",
      "sldlst": "varchar",
      "sldlst00": "varchar",
      "sldust": "varchar",
      "sldust00": "varchar",
      "statefp": "varchar",
      "statefp00": "varchar",
      "statefp20": "varchar",
      "submcdfp": "varchar",
      "submcdfp00": "varchar",
      "tazce": "varchar",
      "tazce00": "varchar",
      "tblkgpce": "varchar",
      "tfid": "numeric",
      "tractce": "varchar",
      "tractce00": "varchar",
      "tractce20": "varchar",
      "trsubce": "varchar",
      "trsubce00": "varchar",
      "trsubfp": "varchar",
      "trsubfp00": "varchar",
      "ttractce": "varchar",
      "uace": "varchar",
      "uace00": "varchar",
      "ugace": "varchar",
      "ugace00": "varchar",
      "unsdlea": "varchar",
      "unsdlea00": "varchar",
      "vtdst": "varchar",
      "vtdst00": "varchar",
      "zcta5ce": "varchar",
      "zcta5ce00": "varchar"
    },
    "schema": "tiger",
    "srid": 4269,
    "table": "faces"
  },
  "tiger.place": {
    "buffer": 64,
    "clip_geom": true,
    "extent": 4096,
    "geometry_column": "the_geom",
    "geometry_type": "MULTIPOLYGON",
    "id": "tiger.place",
    "properties": {
      "aland": "int8",
      "awater": "int8",
      "classfp": "varchar",
      "cpi": "varchar",
      "funcstat": "varchar",
      "gid": "int4",
      "intptlat": "varchar",
      "intptlon": "varchar",
      "lsad": "varchar",
      "mtfcc": "varchar",
      "name": "varchar",
      "namelsad": "varchar",
      "pcicbsa": "varchar",
      "pcinecta": "varchar",
      "placefp": "varchar",
      "placens": "varchar",
      "plcidfp": "varchar",
      "statefp": "varchar"
    },
    "schema": "tiger",
    "srid": 4269,
    "table": "place"
  },
  "tiger.place.the_geom": {
    "buffer": 64,
    "clip_geom": true,
    "extent": 4096,
    "geometry_column": "the_geom",
    "geometry_type": "MULTIPOLYGON",
    "id": "tiger.place.the_geom",
    "properties": {
      "aland": "int8",
      "awater": "int8",
      "classfp": "varchar",
      "cpi": "varchar",
      "funcstat": "varchar",
      "gid": "int4",
      "intptlat": "varchar",
      "intptlon": "varchar",
      "lsad": "varchar",
      "mtfcc": "varchar",
      "name": "varchar",
      "namelsad": "varchar",
      "pcicbsa": "varchar",
      "pcinecta": "varchar",
      "placefp": "varchar",
      "placens": "varchar",
      "plcidfp": "varchar",
      "statefp": "varchar"
    },
    "schema": "tiger",
    "srid": 4269,
    "table": "place"
  },
  "tiger.state": {
    "buffer": 64,
    "clip_geom": true,
    "extent": 4096,
    "geometry_column": "the_geom",
    "geometry_type": "MULTIPOLYGON",
    "id": "tiger.state",
    "properties": {
      "aland": "int8",
      "awater": "int8",
      "division": "varchar",
      "funcstat": "varchar",
      "gid": "int4",
      "intptlat": "varchar",
      "intptlon": "varchar",
      "lsad": "varchar",
      "mtfcc": "varchar",
      "name": "varchar",
      "region": "varchar",
      "statefp": "varchar",
      "statens": "varchar",
      "stusps": "varchar"
    },
    "schema": "tiger",
    "srid": 4269,
    "table": "state"
  },
  "tiger.state.the_geom": {
    "buffer": 64,
    "clip_geom": true,
    "extent": 4096,
    "geometry_column": "the_geom",
    "geometry_type": "MULTIPOLYGON",
    "id": "tiger.state.the_geom",
    "properties": {
      "aland": "int8",
      "awater": "int8",
      "division": "varchar",
      "funcstat": "varchar",
      "gid": "int4",
      "intptlat": "varchar",
      "intptlon": "varchar",
      "lsad": "varchar",
      "mtfcc": "varchar",
      "name": "varchar",
      "region": "varchar",
      "statefp": "varchar",
      "statens": "varchar",
      "stusps": "varchar"
    },
    "schema": "tiger",
    "srid": 4269,
    "table": "state"
  },
  "tiger.tabblock": {
    "buffer": 64,
    "clip_geom": true,
    "extent": 4096,
    "geometry_column": "the_geom",
    "geometry_type": "MULTIPOLYGON",
    "id": "tiger.tabblock",
    "properties": {
      "aland": "float8",
      "awater": "float8",
      "blockce": "varchar",
      "countyfp": "varchar",
      "funcstat": "varchar",
      "gid": "int4",
      "intptlat": "varchar",
      "intptlon": "varchar",
      "mtfcc": "varchar",
      "name": "varchar",
      "statefp": "varchar",
      "tabblock_id": "varchar",
      "tractce": "varchar",
      "uace": "varchar",
      "ur": "varchar"
    },
    "schema": "tiger",
    "srid": 4269,
    "table": "tabblock"
  },
  "tiger.tabblock.the_geom": {
    "buffer": 64,
    "clip_geom": true,
    "extent": 4096,
    "geometry_column": "the_geom",
    "geometry_type": "MULTIPOLYGON",
    "id": "tiger.tabblock.the_geom",
    "properties": {
      "aland": "float8",
      "awater": "float8",
      "blockce": "varchar",
      "countyfp": "varchar",
      "funcstat": "varchar",
      "gid": "int4",
      "intptlat": "varchar",
      "intptlon": "varchar",
      "mtfcc": "varchar",
      "name": "varchar",
      "statefp": "varchar",
      "tabblock_id": "varchar",
      "tractce": "varchar",
      "uace": "varchar",
      "ur": "varchar"
    },
    "schema": "tiger",
    "srid": 4269,
    "table": "tabblock"
  },
  "tiger.tabblock20": {
    "buffer": 64,
    "clip_geom": true,
    "extent": 4096,
    "geometry_column": "the_geom",
    "geometry_type": "MULTIPOLYGON",
    "id": "tiger.tabblock20",
    "properties": {
      "aland": "float8",
      "awater": "float8",
      "blockce": "varchar",
      "countyfp": "varchar",
      "funcstat": "varchar",
      "geoid": "varchar",
      "intptlat": "varchar",
      "intptlon": "varchar",
      "mtfcc": "varchar",
      "name": "varchar",
      "statefp": "varchar",
      "tractce": "varchar",
      "uace": "varchar",
      "uatype": "varchar",
      "ur": "varchar"
    },
    "schema": "tiger",
    "srid": 4269,
    "table": "tabblock20"
  },
  "tiger.tabblock20.the_geom": {
    "buffer": 64,
    "clip_geom": true,
    "extent": 4096,
    "geometry_column": "the_geom",
    "geometry_type": "MULTIPOLYGON",
    "id": "tiger.tabblock20.the_geom",
    "properties": {
      "aland": "float8",
      "awater": "float8",
      "blockce": "varchar",
      "countyfp": "varchar",
      "funcstat": "varchar",
      "geoid": "varchar",
      "intptlat": "varchar",
      "intptlon": "varchar",
      "mtfcc": "varchar",
      "name": "varchar",
      "statefp": "varchar",
      "tractce": "varchar",
      "uace": "varchar",
      "uatype": "varchar",
      "ur": "varchar"
    },
    "schema": "tiger",
    "srid": 4269,
    "table": "tabblock20"
  },
  "tiger.tract": {
    "buffer": 64,
    "clip_geom": true,
    "extent": 4096,
    "geometry_column": "the_geom",
    "geometry_type": "MULTIPOLYGON",
    "id": "tiger.tract",
    "properties": {
      "aland": "float8",
      "awater": "float8",
      "countyfp": "varchar",
      "funcstat": "varchar",
      "gid": "int4",
      "intptlat": "varchar",
      "intptlon": "varchar",
      "mtfcc": "varchar",
      "name": "varchar",
      "namelsad": "varchar",
      "statefp": "varchar",
      "tract_id": "varchar",
      "tractce": "varchar"
    },
    "schema": "tiger",
    "srid": 4269,
    "table": "tract"
  },
  "tiger.tract.the_geom": {
    "buffer": 64,
    "clip_geom": true,
    "extent": 4096,
    "geometry_column": "the_geom",
    "geometry_type": "MULTIPOLYGON",
    "id": "tiger.tract.the_geom",
    "properties": {
      "aland": "float8",
      "awater": "float8",
      "countyfp": "varchar",
      "funcstat": "varchar",
      "gid": "int4",
      "intptlat": "varchar",
      "intptlon": "varchar",
      "mtfcc": "varchar",
      "name": "varchar",
      "namelsad": "varchar",
      "statefp": "varchar",
      "tract_id": "varchar",
      "tractce": "varchar"
    },
    "schema": "tiger",
    "srid": 4269,
    "table": "tract"
  },
  "tiger.zcta5": {
    "buffer": 64,
    "clip_geom": true,
    "extent": 4096,
    "geometry_column": "the_geom",
    "geometry_type": "MULTIPOLYGON",
    "id": "tiger.zcta5",
    "properties": {
      "aland": "float8",
      "awater": "float8",
      "classfp": "varchar",
      "funcstat": "varchar",
      "gid": "int4",
      "intptlat": "varchar",
      "intptlon": "varchar",
      "mtfcc": "varchar",
      "partflg": "varchar",
      "statefp": "varchar",
      "zcta5ce": "varchar"
    },
    "schema": "tiger",
    "srid": 4269,
    "table": "zcta5"
  },
  "tiger.zcta5.the_geom": {
    "buffer": 64,
    "clip_geom": true,
    "extent": 4096,
    "geometry_column": "the_geom",
    "geometry_type": "MULTIPOLYGON",
    "id": "tiger.zcta5.the_geom",
    "properties": {
      "aland": "float8",
      "awater": "float8",
      "classfp": "varchar",
      "funcstat": "varchar",
      "gid": "int4",
      "intptlat": "varchar",
      "intptlon": "varchar",
      "mtfcc": "varchar",
      "partflg": "varchar",
      "statefp": "varchar",
      "zcta5ce": "varchar"
    },
    "schema": "tiger",
    "srid": 4269,
    "table": "zcta5"
  }
}
