=============================================================
layer: 0
  name: public.table_source.geom
  version: 2
  extent: 4096
  feature: 0
    id: (none)
    geomtype: point
    geometry:
      POINT(3356,842)
    properties:
      gid=19
  feature: 1
    id: (none)
    geomtype: point
    geometry:
      POINT(322,2749)
    properties:
      gid=20
  feature: 2
    id: (none)
    geomtype: point
    geometry:
      POINT(3128,2547)
    properties:
      gid=21
  feature: 3
    id: (none)
    geomtype: point
    geometry:
      POINT(3519,4080)
    properties:
      gid=22
  feature: 4
    id: (none)
    geomtype: point
    geometry:
      POINT(2222,1246)
    properties:
      gid=23
  feature: 5
    id: (none)
    geomtype: point
    geometry:
      POINT(2151,1929)
    properties:
      gid=24
  feature: 6
    id: (none)
    geomtype: point
    geometry:
      POINT(1856,3728)
    properties:
      gid=25
  feature: 7
    id: (none)
    geomtype: point
    geometry:
      POINT(513,2164)
    properties:
      gid=26
  feature: 8
    id: (none)
    geomtype: point
    geometry:
      POINT(662,771)
    properties:
      gid=27
  feature: 9
    id: (none)
    geomtype: point
    geometry:
      POINT(3569,26)
    properties:
      gid=28
=============================================================
layer: 1
  name: public.points1.geom
  version: 2
  extent: 4096
  feature: 0
    id: (none)
    geomtype: point
    geometry:
      POINT(3923,3291)
    properties:
      gid=1
  feature: 1
    id: (none)
    geomtype: point
    geometry:
      POINT(2463,1375)
    properties:
      gid=2
  feature: 2
    id: (none)
    geomtype: point
    geometry:
      POINT(859,1336)
    properties:
      gid=3
=============================================================
layer: 2
  name: public.points2.geom
  version: 2
  extent: 4096
  feature: 0
    id: (none)
    geomtype: point
    geometry:
      POINT(1092,730)
    properties:
      gid=1
  feature: 1
    id: (none)
    geomtype: point
    geometry:
      POINT(2308,3734)
    properties:
      gid=2
  feature: 2
    id: (none)
    geomtype: point
    geometry:
      POINT(2905,632)
    properties:
      gid=3
