=============================================================
layer: 0
  name: table_source
  version: 2
  extent: 4096
  feature: 0
    id: (none)
    geomtype: point
    geometry:
      POINT(1769,2458)
    properties:
      gid=19
  feature: 1
    id: (none)
    geomtype: point
    geometry:
      POINT(1674,2518)
    properties:
      gid=20
  feature: 2
    id: (none)
    geomtype: point
    geometry:
      POINT(1762,2512)
    properties:
      gid=21
  feature: 3
    id: (none)
    geomtype: point
    geometry:
      POINT(1774,2560)
    properties:
      gid=22
  feature: 4
    id: (none)
    geomtype: point
    geometry:
      POINT(1733,2471)
    properties:
      gid=23
  feature: 5
    id: (none)
    geomtype: point
    geometry:
      POINT(1731,2492)
    properties:
      gid=24
  feature: 6
    id: (none)
    geomtype: point
    geometry:
      POINT(1722,2549)
    properties:
      gid=25
  feature: 7
    id: (none)
    geomtype: point
    geometry:
      POINT(1680,2500)
    properties:
      gid=26
  feature: 8
    id: (none)
    geomtype: point
    geometry:
      POINT(1685,2456)
    properties:
      gid=27
  feature: 9
    id: (none)
    geomtype: point
    geometry:
      POINT(1776,2433)
    properties:
      gid=28
=============================================================
layer: 1
  name: points1
  version: 2
  extent: 4096
  feature: 0
    id: (none)
    geomtype: point
    geometry:
      POINT(1787,2535)
    properties:
      gid=1
  feature: 1
    id: (none)
    geomtype: point
    geometry:
      POINT(1741,2475)
    properties:
      gid=2
  feature: 2
    id: (none)
    geomtype: point
    geometry:
      POINT(1691,2474)
    properties:
      gid=3
=============================================================
layer: 2
  name: points2
  version: 2
  extent: 4096
  feature: 0
    id: (none)
    geomtype: point
    geometry:
      POINT(1698,2455)
    properties:
      gid=1
  feature: 1
    id: (none)
    geomtype: point
    geometry:
      POINT(1736,2549)
    properties:
      gid=2
  feature: 2
    id: (none)
    geomtype: point
    geometry:
      POINT(1755,2452)
    properties:
      gid=3
