=============================================================
layer: 0
  name: public.table_source.geom
  version: 2
  extent: 4096
  feature: 0
    id: (none)
    geomtype: point
    geometry:
      POINT(884,1229)
    properties:
      gid=19
  feature: 1
    id: (none)
    geomtype: point
    geometry:
      POINT(837,1259)
    properties:
      gid=20
  feature: 2
    id: (none)
    geomtype: point
    geometry:
      POINT(881,1256)
    properties:
      gid=21
  feature: 3
    id: (none)
    geomtype: point
    geometry:
      POINT(887,1280)
    properties:
      gid=22
  feature: 4
    id: (none)
    geomtype: point
    geometry:
      POINT(867,1235)
    properties:
      gid=23
  feature: 5
    id: (none)
    geomtype: point
    geometry:
      POINT(866,1246)
    properties:
      gid=24
  feature: 6
    id: (none)
    geomtype: point
    geometry:
      POINT(861,1274)
    properties:
      gid=25
  feature: 7
    id: (none)
    geomtype: point
    geometry:
      POINT(840,1250)
    properties:
      gid=26
  feature: 8
    id: (none)
    geomtype: point
    geometry:
      POINT(842,1228)
    properties:
      gid=27
  feature: 9
    id: (none)
    geomtype: point
    geometry:
      POINT(888,1216)
    properties:
      gid=28
=============================================================
layer: 1
  name: public.points1.geom
  version: 2
  extent: 4096
  feature: 0
    id: (none)
    geomtype: point
    geometry:
      POINT(893,1267)
    properties:
      gid=1
  feature: 1
    id: (none)
    geomtype: point
    geometry:
      POINT(870,1237)
    properties:
      gid=2
  feature: 2
    id: (none)
    geomtype: point
    geometry:
      POINT(845,1237)
    properties:
      gid=3
=============================================================
layer: 2
  name: public.points2.geom
  version: 2
  extent: 4096
  feature: 0
    id: (none)
    geomtype: point
    geometry:
      POINT(849,1227)
    properties:
      gid=1
  feature: 1
    id: (none)
    geomtype: point
    geometry:
      POINT(868,1274)
    properties:
      gid=2
  feature: 2
    id: (none)
    geomtype: point
    geometry:
      POINT(877,1226)
    properties:
      gid=3
