=============================================================
layer: 0
  name: public.table_source
  version: 2
  extent: 4096
  feature: 0
    id: (none)
    geomtype: point
    geometry:
      POINT(3,3436)
    properties:
      gid=19
  feature: 1
    id: (none)
    geomtype: point
    geometry:
      POINT(3335,2005)
    properties:
      gid=22
  feature: 2
    id: (none)
    geomtype: point
    geometry:
      POINT(1606,2954)
    properties:
      gid=23
  feature: 3
    id: (none)
    geomtype: point
    geometry:
      POINT(1526,2247)
    properties:
      gid=24
