{
  "tilejson": "3.0.0",
  "tiles": [
    "http://localhost:3111/function_zxy_query_jsonb/{z}/{x}/{y}"
  ],
  "vector_layers": [
    {
      "id": "public.function_zxy_query_jsonb",
      "fields": {
        "geom": ""
      }
    }
  ],
  "bounds": [
    -180,
    -85,
    180,
    85
  ],
  "description": "public.function_zxy_query_jsonb",
  "maxzoom": 18,
  "minzoom": 0,
  "name": "function_zxy_query_jsonb"
}
