=============================================================
layer: 0
  name: MixedCase.function_Mixed_Name
  version: 2
  extent: 4096
  feature: 0
    id: (none)
    geomtype: point
    geometry:
      POINT(1614,3539)
    properties:
  feature: 1
    id: (none)
    geomtype: point
    geometry:
      POINT(1614,3540)
    properties:
  feature: 2
    id: (none)
    geomtype: point
    geometry:
      POINT(1613,3539)
    properties:
