=============================================================
layer: 0
  name: public.function_source
  version: 2
  extent: 4096
  feature: 0
    id: (none)
    geomtype: point
    geometry:
      POINT(823,3124)
    properties:
