tests/output/auto/gray_u16_2_1_1.png: PNG image data, 256 x 256, 16-bit gray+alpha, non-interlaced
