tests/output/auto/gray_f64_2_1_1.png: PNG image data, 256 x 256, 8-bit gray+alpha, non-interlaced
