tests/output/auto/mb_png_0_0_0.png: PNG image data, 256 x 256, 8-bit colormap, non-interlaced
