tests/output/auto/pmt_3_4_2.png: PNG image data, 256 x 256, 8-bit/color RGBA, non-interlaced
