tests/output/auto/rgb_u16_0_0_0.png: PNG image data, 256 x 256, 16-bit/color RGBA, non-interlaced
