tests/output/auto/rgba_u32_2_1_1.png: PNG image data, 256 x 256, 8-bit/color RGBA, non-interlaced
