{
  "custom_grid": {
    "extent": [
      1620750.2508,
      4271892.7153,
      1625870.2508,
      4277012.7153
    ],
    "maxZoom": 2,
    "minZoom": 0,
    "origin": [
      1620750.2508,
      4277012.7153,
      0
    ],
    "resolutions": {
      "0": 40,
      "1": 20,
      "2": 10
    },
    "tileSize": [
      512,
      512
    ]
  },
  "maxzoom": 2,
  "minzoom": 0,
  "tilejson": "3.0.0",
  "tiles": [
    "http://localhost:3111/rgba_u8_nodata/{z}/{x}/{y}"
  ]
}
