tests/output/auto/rgba_u16_0_0_0.png: PNG image data, 128 x 128, 16-bit/color RGBA, non-interlaced
