{
  "public.points1": {
    "bounds": [
      -180,
      -90,
      180,
      90
    ],
    "buffer": 64,
    "clip_geom": true,
    "extent": 4096,
    "geometry_column": "geom",
    "geometry_type": "GEOMETRY",
    "id": "public.points1",
    "maxzoom": 30,
    "minzoom": 0,
    "properties": {
      "gid": "int4"
    },
    "schema": "public",
    "srid": 4326,
    "table": "points1"
  },
  "public.points2": {
    "bounds": [
      -180,
      -90,
      180,
      90
    ],
    "buffer": 64,
    "clip_geom": true,
    "extent": 4096,
    "geometry_column": "geom",
    "geometry_type": "GEOMETRY",
    "id": "public.points2",
    "maxzoom": 30,
    "minzoom": 0,
    "properties": {
      "gid": "int4"
    },
    "schema": "public",
    "srid": 4326,
    "table": "points2"
  },
  "public.points3857": {
    "bounds": [
      -180,
      -90,
      180,
      90
    ],
    "buffer": 64,
    "clip_geom": true,
    "extent": 4096,
    "geometry_column": "geom",
    "geometry_type": "GEOMETRY",
    "id": "public.points3857",
    "maxzoom": 30,
    "minzoom": 0,
    "properties": {
      "gid": "int4"
    },
    "schema": "public",
    "srid": 3857,
    "table": "points3857"
  },
  "public.table_source": {
    "bounds": [
      -180,
      -90,
      180,
      90
    ],
    "buffer": 64,
    "clip_geom": true,
    "extent": 4096,
    "geometry_column": "geom",
    "geometry_type": "GEOMETRY",
    "id": "public.table_source",
    "maxzoom": 30,
    "minzoom": 0,
    "properties": {
      "gid": "int4"
    },
    "schema": "public",
    "srid": 4326,
    "table": "table_source"
  }
}
