=============================================================
layer: 0
  name: public.points1.geom
  version: 2
  extent: 4096
  feature: 0
    id: (none)
    geomtype: point
    geometry:
      POINT(3673,1911)
    properties:
      gid=1
  feature: 1
    id: (none)
    geomtype: point
    geometry:
      POINT(3673,1911)
    properties:
      gid=2
  feature: 2
    id: (none)
    geomtype: point
    geometry:
      POINT(3673,1911)
    properties:
      gid=3
  feature: 3
    id: (none)
    geomtype: point
    geometry:
      POINT(636,2785)
    properties:
      gid=4
  feature: 4
    id: (none)
    geomtype: point
    geometry:
      POINT(69,313)
    properties:
      gid=5
  feature: 5
    id: (none)
    geomtype: point
    geometry:
      POINT(3786,1562)
    properties:
      gid=6
  feature: 6
    id: (none)
    geomtype: point
    geometry:
      POINT(3802,665)
    properties:
      gid=7
  feature: 7
    id: (none)
    geomtype: point
    geometry:
      POINT(2619,1520)
    properties:
      gid=8
  feature: 8
    id: (none)
    geomtype: point
    geometry:
      POINT(8,1845)
    properties:
      gid=9
  feature: 9
    id: (none)
    geomtype: point
    geometry:
      POINT(3639,2944)
    properties:
      gid=10
  feature: 10
    id: (none)
    geomtype: point
    geometry:
      POINT(2961,2263)
    properties:
      gid=11
  feature: 11
    id: (none)
    geomtype: point
    geometry:
      POINT(2312,2004)
    properties:
      gid=12
  feature: 12
    id: (none)
    geomtype: point
    geometry:
      POINT(2337,2613)
    properties:
      gid=13
  feature: 13
    id: (none)
    geomtype: point
    geometry:
      POINT(1455,2502)
    properties:
      gid=14
  feature: 14
    id: (none)
    geomtype: point
    geometry:
      POINT(862,1817)
    properties:
      gid=15
  feature: 15
    id: (none)
    geomtype: point
    geometry:
      POINT(1415,16)
    properties:
      gid=16
  feature: 16
    id: (none)
    geomtype: point
    geometry:
      POINT(2754,966)
    properties:
      gid=17
  feature: 17
    id: (none)
    geomtype: point
    geometry:
      POINT(769,2818)
    properties:
      gid=18
  feature: 18
    id: (none)
    geomtype: point
    geometry:
      POINT(3825,2146)
    properties:
      gid=19
  feature: 19
    id: (none)
    geomtype: point
    geometry:
      POINT(2749,1706)
    properties:
      gid=20
  feature: 20
    id: (none)
    geomtype: point
    geometry:
      POINT(49,2032)
    properties:
      gid=21
  feature: 21
    id: (none)
    geomtype: point
    geometry:
      POINT(3553,2982)
    properties:
      gid=22
  feature: 22
    id: (none)
    geomtype: point
    geometry:
      POINT(2583,2400)
    properties:
      gid=23
  feature: 23
    id: (none)
    geomtype: point
    geometry:
      POINT(2316,1790)
    properties:
      gid=24
  feature: 24
    id: (none)
    geomtype: point
    geometry:
      POINT(1728,2658)
    properties:
      gid=25
  feature: 25
    id: (none)
    geomtype: point
    geometry:
      POINT(1310,3101)
    properties:
      gid=26
  feature: 26
    id: (none)
    geomtype: point
    geometry:
      POINT(1377,2078)
    properties:
      gid=27
  feature: 27
    id: (none)
    geomtype: point
    geometry:
      POINT(166,2707)
    properties:
      gid=28
  feature: 28
    id: (none)
    geomtype: point
    geometry:
      POINT(3898,1322)
    properties:
      gid=29
  feature: 29
    id: (none)
    geomtype: point
    geometry:
      POINT(2780,1898)
    properties:
      gid=30
=============================================================
layer: 1
  name: public.points2.geom
  version: 2
  extent: 4096
  feature: 0
    id: (none)
    geomtype: point
    geometry:
      POINT(3673,1911)
    properties:
      gid=1
  feature: 1
    id: (none)
    geomtype: point
    geometry:
      POINT(3673,1911)
    properties:
      gid=2
  feature: 2
    id: (none)
    geomtype: point
    geometry:
      POINT(3673,1911)
    properties:
      gid=3
  feature: 3
    id: (none)
    geomtype: point
    geometry:
      POINT(874,2164)
    properties:
      gid=4
  feature: 4
    id: (none)
    geomtype: point
    geometry:
      POINT(1392,664)
    properties:
      gid=5
  feature: 5
    id: (none)
    geomtype: point
    geometry:
      POINT(3788,1563)
    properties:
      gid=6
  feature: 6
    id: (none)
    geomtype: point
    geometry:
      POINT(1136,2890)
    properties:
      gid=7
  feature: 7
    id: (none)
    geomtype: point
    geometry:
      POINT(417,3667)
    properties:
      gid=8
  feature: 8
    id: (none)
    geomtype: point
    geometry:
      POINT(3316,2289)
    properties:
      gid=9
  feature: 9
    id: (none)
    geomtype: point
    geometry:
      POINT(2607,2324)
    properties:
      gid=10
  feature: 10
    id: (none)
    geomtype: point
    geometry:
      POINT(1841,2200)
    properties:
      gid=11
  feature: 11
    id: (none)
    geomtype: point
    geometry:
      POINT(667,1829)
    properties:
      gid=12
  feature: 12
    id: (none)
    geomtype: point
    geometry:
      POINT(2111,2079)
    properties:
      gid=13
  feature: 13
    id: (none)
    geomtype: point
    geometry:
      POINT(2542,2070)
    properties:
      gid=14
  feature: 14
    id: (none)
    geomtype: point
    geometry:
      POINT(1224,2162)
    properties:
      gid=15
  feature: 15
    id: (none)
    geomtype: point
    geometry:
      POINT(2068,381)
    properties:
      gid=16
  feature: 16
    id: (none)
    geomtype: point
    geometry:
      POINT(3857,1868)
    properties:
      gid=17
  feature: 17
    id: (none)
    geomtype: point
    geometry:
      POINT(1381,3059)
    properties:
      gid=18
  feature: 18
    id: (none)
    geomtype: point
    geometry:
      POINT(355,2460)
    properties:
      gid=19
  feature: 19
    id: (none)
    geomtype: point
    geometry:
      POINT(4086,3388)
    properties:
      gid=20
  feature: 20
    id: (none)
    geomtype: point
    geometry:
      POINT(3025,2290)
    properties:
      gid=21
  feature: 21
    id: (none)
    geomtype: point
    geometry:
      POINT(2561,1053)
    properties:
      gid=22
  feature: 22
    id: (none)
    geomtype: point
    geometry:
      POINT(1876,2723)
    properties:
      gid=23
  feature: 23
    id: (none)
    geomtype: point
    geometry:
      POINT(68,2173)
    properties:
      gid=24
  feature: 24
    id: (none)
    geomtype: point
    geometry:
      POINT(2353,1712)
    properties:
      gid=25
  feature: 25
    id: (none)
    geomtype: point
    geometry:
      POINT(3166,2187)
    properties:
      gid=26
  feature: 26
    id: (none)
    geomtype: point
    geometry:
      POINT(941,2153)
    properties:
      gid=27
  feature: 27
    id: (none)
    geomtype: point
    geometry:
      POINT(3897,1116)
    properties:
      gid=28
  feature: 28
    id: (none)
    geomtype: point
    geometry:
      POINT(1158,1186)
    properties:
      gid=29
  feature: 29
    id: (none)
    geomtype: point
    geometry:
      POINT(4013,1897)
    properties:
      gid=30
