tests/output/configured/pmt_0_0_0.png: PNG image data, 256 x 256, 8-bit/color RGBA, non-interlaced
