[INFO ] Quick integrity check passed for tests/mbtiles_temp_files/cp_flat.mbtiles
[INFO ] Skipping per-tile hash validation because this is a flat MBTiles file
